Reusing QC /vol/space/protein_rna_ml/results/domain_aware/v2_domain_cond/construct_alignment_qc.tsv
  known_domains_only: kept 465 variants (dropped 154 unknown)

  Device: cuda
  mode=domain_conditioned  seed=42  prot_max=700
  domain labels: {'RRM': 349, 'KH': 54, 'multi': 32, 'CCCH': 14, 'ZF': 4, 'CSD': 4, 'PUM': 4, 'SAM': 2, 'S1': 1, 'THUMP': 1}
  Train: 1,580,222  Val: 223,643  Test: 230,196
  Model parameters: 1,109,505

=== Training (domain_conditioned) max 60 epochs, early stop on val AUPRC, patience=8 ===
      1    0.6801     0.7712     0.6134  602.8s  ★
      2    0.5334     0.7984     0.6522  598.7s  ★
      3    0.4912     0.8100     0.6723  600.4s  ★
      4    0.4658     0.8200     0.6817  600.0s  ★
      5    0.4500     0.8272     0.6975  598.5s  ★
      6    0.4375     0.8281     0.6988  599.2s  ★
      7    0.4287     0.8345     0.7113  598.0s  ★
      8    0.4196     0.8375     0.7189  598.8s  ★
      9    0.4136     0.8313     0.7087  599.3s  
     10    0.4080     0.8309     0.7109  599.2s  
     11    0.4031     0.8381     0.7231  598.8s  ★
     12    0.3991     0.8368     0.7192  599.0s  
     13    0.3947     0.8413     0.7294  599.4s  ★
     14    0.3907     0.8398     0.7246  600.1s  
     15    0.3875     0.8435     0.7301  599.5s  ★
     16    0.3844     0.8360     0.7258  599.4s  
     17    0.3820     0.8473     0.7373  598.6s  ★
     18    0.3795     0.8447     0.7340  599.0s  
     19    0.3777     0.8452     0.7339  599.2s  
     20    0.3747     0.8432     0.7290  599.1s  
     21    0.3720     0.8384     0.7265  599.6s  
     22    0.3700     0.8423     0.7322  598.4s  
     23    0.3679     0.8346     0.7203  600.1s  
     24    0.3664     0.8419     0.7325  600.0s  
/vol/space/protein_rna_ml/scripts/38_train_domain_conditioned_v2.py:585: FutureWarning: You are using `torch.load` with `weights_only=False` (the current default value), which uses the default pickle module implicitly. It is possible to construct malicious pickle data which will execute arbitrary code during unpickling (See https://github.com/pytorch/pytorch/blob/main/SECURITY.md#untrusted-models for more details). In a future release, the default value for `weights_only` will be flipped to `True`. This limits the functions that could be executed during unpickling. Arbitrary objects will no longer be allowed to be loaded via this mode unless they are explicitly allowlisted by the user via `torch.serialization.add_safe_globals`. We recommend you start setting `weights_only=True` for any use case where you don't have full control of the loaded file. Please open an issue on GitHub for any issues related to this experimental feature.
  ckpt = torch.load(model_dir / "best_model.pt", map_location=device)
     25    0.3650     0.8432     0.7350  599.1s  

  Early stopping at epoch 25

=== Test === AUROC=0.8418  AUPRC=0.7447

✅ Wrote /vol/space/protein_rna_ml/results/domain_aware/v2_domain_cond/domain_conditioned/v2_domain_results.json
   Per-protein median=0.8467501732221112  by domain={'CCCH': 0.6804386673241075, 'KH': 0.8979367931767652, 'RRM': 0.864715589385746, 'multi': 0.6826954447064655}
